
Allocating common symbols
Common symbol       size              file

log                 0xc4              log.o
kmem                0x3c              kalloc.o
ioapicid            0x1               mp.o
ioapic              0x4               ioapic.o
bcache              0x4958            bio.o
input               0x8c              console.o
stack               0x1000            entry.o
kpgdir              0x4               vm.o
tickslock           0x34              trap.o
ftable              0x994             file.o
cpus                0x580             mp.o
sb                  0x1c              fs.o
lapic               0x4               lapic.o
idt                 0x800             trap.o
ncpu                0x4               mp.o
ticks               0x4               trap.o
ptable              0x2034            proc.o
devsw               0x50              file.o
icache              0x1c54            fs.o

Discarded input sections

 .eh_frame      0x0000000000000000       0xd0 bio.o
 .eh_frame      0x0000000000000000      0x190 console.o
 .eh_frame      0x0000000000000000       0x48 exec.o
 .eh_frame      0x0000000000000000      0x19c file.o
 .eh_frame      0x0000000000000000      0x420 fs.o
 .eh_frame      0x0000000000000000       0xcc ide.o
 .eh_frame      0x0000000000000000       0x60 ioapic.o
 .eh_frame      0x0000000000000000       0xe0 kalloc.o
 .eh_frame      0x0000000000000000       0x7c kbd.o
 .eh_frame      0x0000000000000000       0xbc lapic.o
 .eh_frame      0x0000000000000000      0x114 log.o
 .eh_frame      0x0000000000000000       0x78 main.o
 .eh_frame      0x0000000000000000       0x84 mp.o
 .eh_frame      0x0000000000000000       0x2c picirq.o
 .eh_frame      0x0000000000000000       0xf8 pipe.o
 .eh_frame      0x0000000000000000      0x300 proc.o
 .eh_frame      0x0000000000000000       0xb8 sleeplock.o
 .eh_frame      0x0000000000000000      0x14c spinlock.o
 .eh_frame      0x0000000000000000      0x16c string.o
 .eh_frame      0x0000000000000000      0x118 syscall.o
 .eh_frame      0x0000000000000000      0x334 sysfile.o
 .eh_frame      0x0000000000000000      0x120 sysproc.o
 .eh_frame      0x0000000000000000       0x98 trap.o
 .eh_frame      0x0000000000000000       0xcc uart.o
 .eh_frame      0x0000000000000000      0x3d8 vm.o

Memory Configuration

Name             Origin             Length             Attributes
*default*        0x0000000000000000 0xffffffffffffffff

Linker script and memory map

                0x0000000080100000                . = 0x80100000

.text           0x0000000080100000     0x66f1 load address 0x0000000000100000
 *(.text .stub .text.* .gnu.linkonce.t.*)
 .text          0x0000000080100000       0x34 entry.o
                0x0000000080100000                multiboot_header
                0x000000008010000c                entry
                0x000000010010000c                _start
 .text          0x0000000080100034      0x218 bio.o
                0x0000000080100034                binit
                0x00000000801000b4                bread
                0x0000000080100188                bwrite
                0x00000000801001c0                brelse
 .text          0x000000008010024c      0x757 console.o
                0x000000008010024c                consoleread
                0x0000000080100340                panic
                0x00000000801005b4                consolewrite
                0x0000000080100620                cprintf
                0x00000000801007a8                consoleintr
                0x0000000080100960                consoleinit
 *fill*         0x00000000801009a3        0x1 
 .text          0x00000000801009a4      0x344 exec.o
                0x00000000801009a4                exec
 .text          0x0000000080100ce8      0x35e file.o
                0x0000000080100ce8                fileinit
                0x0000000080100d04                filealloc
                0x0000000080100d64                filedup
                0x0000000080100da8                fileclose
                0x0000000080100e68                filestat
                0x0000000080100eac                fileread
                0x0000000080100f38                filewrite
 *fill*         0x0000000080101046        0x2 
 .text          0x0000000080101048      0xd00 fs.o
                0x000000008010134c                readsb
                0x0000000080101384                iinit
                0x0000000080101410                ialloc
                0x00000000801014c0                iupdate
                0x000000008010153c                idup
                0x0000000080101568                ilock
                0x0000000080101630                iunlock
                0x0000000080101674                iput
                0x00000000801017c0                iunlockput
                0x00000000801017e0                stati
                0x000000008010180c                readi
                0x0000000080101904                writei
                0x0000000080101a24                namecmp
                0x0000000080101a3c                dirlookup
                0x0000000080101c6c                dirlink
                0x0000000080101d1c                namei
                0x0000000080101d34                nameiparent
 .text          0x0000000080101d48      0x292 ide.o
                0x0000000080101e00                ideinit
                0x0000000080101e68                ideintr
                0x0000000080101ef8                iderw
 *fill*         0x0000000080101fda        0x2 
 .text          0x0000000080101fdc       0xd1 ioapic.o
                0x0000000080101fdc                ioapicinit
                0x000000008010207c                ioapicenable
 *fill*         0x00000000801020ad        0x3 
 .text          0x00000000801020b0      0x1f6 kalloc.o
                0x00000000801020b0                kfree
                0x0000000080102140                freerange
                0x0000000080102188                kinit1
                0x00000000801021ec                kinit2
                0x0000000080102240                kalloc
 *fill*         0x00000000801022a6        0x2 
 .text          0x00000000801022a8       0xd9 kbd.o
                0x00000000801022a8                kbdgetc
                0x000000008010236c                kbdintr
 *fill*         0x0000000080102381        0x3 
 .text          0x0000000080102384      0x350 lapic.o
                0x0000000080102384                lapicinit
                0x0000000080102468                lapicid
                0x000000008010247c                lapiceoi
                0x0000000080102494                microdelay
                0x0000000080102498                lapicstartap
                0x0000000080102520                cmostime
 .text          0x00000000801026d4      0x3d6 log.o
                0x00000000801027b8                initlog
                0x0000000080102848                begin_op
                0x00000000801028b0                end_op
                0x0000000080102a04                log_write
 *fill*         0x0000000080102aaa        0x2 
 .text          0x0000000080102aac       0x56 main.o
 *fill*         0x0000000080102b02        0x2 
 .text.startup  0x0000000080102b04      0x128 main.o
                0x0000000080102b04                main
 .text          0x0000000080102c2c      0x202 mp.o
                0x0000000080102c90                mpinit
 *fill*         0x0000000080102e2e        0x2 
 .text          0x0000000080102e30        0xf picirq.o
                0x0000000080102e30                picinit
 *fill*         0x0000000080102e3f        0x1 
 .text          0x0000000080102e40      0x35f pipe.o
                0x0000000080102e40                pipealloc
                0x0000000080102f3c                pipeclose
                0x0000000080102fd4                pipewrite
                0x00000000801030c4                piperead
 *fill*         0x000000008010319f        0x1 
 .text          0x00000000801031a0      0xa30 proc.o
                0x0000000080103268                forkret
                0x00000000801032b0                pinit
                0x00000000801032cc                mycpu
                0x0000000080103330                cpuid
                0x0000000080103364                myproc
                0x0000000080103388                userinit
                0x0000000080103470                growproc
                0x00000000801034e4                fork
                0x0000000080103600                scheduler
                0x0000000080103690                sched
                0x0000000080103744                exit
                0x0000000080103860                yield
                0x00000000801038a8                sleep
                0x0000000080103964                wait
                0x0000000080103a54                wakeup
                0x0000000080103aac                kill
                0x0000000080103b24                procdump
 .text          0x0000000080103bd0      0x10f sleeplock.o
                0x0000000080103bd0                initsleeplock
                0x0000000080103c04                acquiresleep
                0x0000000080103c58                releasesleep
                0x0000000080103c94                holdingsleep
 *fill*         0x0000000080103cdf        0x1 
 .text          0x0000000080103ce0      0x21e spinlock.o
                0x0000000080103ce0                initlock
                0x0000000080103cfc                getcallerpcs
                0x0000000080103d44                pushcli
                0x0000000080103d8c                popcli
                0x0000000080103de4                holding
                0x0000000080103e20                acquire
                0x0000000080103eb8                release
 *fill*         0x0000000080103efe        0x2 
 .text          0x0000000080103f00      0x1a1 string.o
                0x0000000080103f00                memset
                0x0000000080103f4c                memcmp
                0x0000000080103f84                memmove
                0x0000000080103fd0                memcpy
                0x0000000080103fd4                strncmp
                0x0000000080104010                strncpy
                0x0000000080104054                safestrcpy
                0x0000000080104088                strlen
 .text          0x00000000801040a1       0x15 swtch.o
                0x00000000801040a1                swtch
 *fill*         0x00000000801040b6        0x2 
 .text          0x00000000801040b8      0x190 syscall.o
                0x00000000801040b8                fetchint
                0x00000000801040f4                fetchstr
                0x0000000080104138                argint
                0x0000000080104160                argptr
                0x00000000801041bc                argstr
                0x00000000801041f0                syscall
 .text          0x0000000080104248      0xb6b sysfile.o
                0x000000008010440c                sys_dup
                0x0000000080104464                sys_read
                0x00000000801044c0                sys_write
                0x000000008010451c                sys_close
                0x000000008010455c                sys_fstat
                0x00000000801045a0                sys_link
                0x00000000801046dc                sys_unlink
                0x00000000801048a4                sys_open
                0x00000000801049dc                sys_mkdir
                0x0000000080104a38                sys_mknod
                0x0000000080104ac4                sys_chdir
                0x0000000080104b60                sys_exec
                0x0000000080104c30                sys_pipe
                0x0000000080104cec                sys_mprotect
                0x0000000080104d50                sys_munprotect
 *fill*         0x0000000080104db3        0x1 
 .text          0x0000000080104db4      0x16d sysproc.o
                0x0000000080104db4                sys_fork
                0x0000000080104dbc                sys_exit
                0x0000000080104dcc                sys_wait
                0x0000000080104dd4                sys_kill
                0x0000000080104e04                sys_getpid
                0x0000000080104e14                sys_sbrk
                0x0000000080104e58                sys_sleep
                0x0000000080104ef8                sys_uptime
 .text          0x0000000080104f21       0x23 trapasm.o
                0x0000000080104f21                alltraps
                0x0000000080104f39                trapret
 .text          0x0000000080104f44      0x2cf trap.o
                0x0000000080104f44                tvinit
                0x0000000080104fb0                idtinit
                0x0000000080104fd4                trap
 *fill*         0x0000000080105213        0x1 
 .text          0x0000000080105214      0x13d uart.o
                0x000000008010527c                uartinit
                0x0000000080105320                uartputc
                0x000000008010533c                uartintr
 .text          0x0000000080105351      0xa72 vectors.o
                0x0000000080105351                vector0
                0x000000008010535a                vector1
                0x0000000080105363                vector2
                0x000000008010536c                vector3
                0x0000000080105375                vector4
                0x000000008010537e                vector5
                0x0000000080105387                vector6
                0x0000000080105390                vector7
                0x0000000080105399                vector8
                0x00000000801053a0                vector9
                0x00000000801053a9                vector10
                0x00000000801053b0                vector11
                0x00000000801053b7                vector12
                0x00000000801053be                vector13
                0x00000000801053c5                vector14
                0x00000000801053cc                vector15
                0x00000000801053d5                vector16
                0x00000000801053de                vector17
                0x00000000801053e5                vector18
                0x00000000801053ee                vector19
                0x00000000801053f7                vector20
                0x0000000080105400                vector21
                0x0000000080105409                vector22
                0x0000000080105412                vector23
                0x000000008010541b                vector24
                0x0000000080105424                vector25
                0x000000008010542d                vector26
                0x0000000080105436                vector27
                0x000000008010543f                vector28
                0x0000000080105448                vector29
                0x0000000080105451                vector30
                0x000000008010545a                vector31
                0x0000000080105463                vector32
                0x000000008010546c                vector33
                0x0000000080105475                vector34
                0x000000008010547e                vector35
                0x0000000080105487                vector36
                0x0000000080105490                vector37
                0x0000000080105499                vector38
                0x00000000801054a2                vector39
                0x00000000801054ab                vector40
                0x00000000801054b4                vector41
                0x00000000801054bd                vector42
                0x00000000801054c6                vector43
                0x00000000801054cf                vector44
                0x00000000801054d8                vector45
                0x00000000801054e1                vector46
                0x00000000801054ea                vector47
                0x00000000801054f3                vector48
                0x00000000801054fc                vector49
                0x0000000080105505                vector50
                0x000000008010550e                vector51
                0x0000000080105517                vector52
                0x0000000080105520                vector53
                0x0000000080105529                vector54
                0x0000000080105532                vector55
                0x000000008010553b                vector56
                0x0000000080105544                vector57
                0x000000008010554d                vector58
                0x0000000080105556                vector59
                0x000000008010555f                vector60
                0x0000000080105568                vector61
                0x0000000080105571                vector62
                0x000000008010557a                vector63
                0x0000000080105583                vector64
                0x000000008010558c                vector65
                0x0000000080105595                vector66
                0x000000008010559e                vector67
                0x00000000801055a7                vector68
                0x00000000801055b0                vector69
                0x00000000801055b9                vector70
                0x00000000801055c2                vector71
                0x00000000801055cb                vector72
                0x00000000801055d4                vector73
                0x00000000801055dd                vector74
                0x00000000801055e6                vector75
                0x00000000801055ef                vector76
                0x00000000801055f8                vector77
                0x0000000080105601                vector78
                0x000000008010560a                vector79
                0x0000000080105613                vector80
                0x000000008010561c                vector81
                0x0000000080105625                vector82
                0x000000008010562e                vector83
                0x0000000080105637                vector84
                0x0000000080105640                vector85
                0x0000000080105649                vector86
                0x0000000080105652                vector87
                0x000000008010565b                vector88
                0x0000000080105664                vector89
                0x000000008010566d                vector90
                0x0000000080105676                vector91
                0x000000008010567f                vector92
                0x0000000080105688                vector93
                0x0000000080105691                vector94
                0x000000008010569a                vector95
                0x00000000801056a3                vector96
                0x00000000801056ac                vector97
                0x00000000801056b5                vector98
                0x00000000801056be                vector99
                0x00000000801056c7                vector100
                0x00000000801056d0                vector101
                0x00000000801056d9                vector102
                0x00000000801056e2                vector103
                0x00000000801056eb                vector104
                0x00000000801056f4                vector105
                0x00000000801056fd                vector106
                0x0000000080105706                vector107
                0x000000008010570f                vector108
                0x0000000080105718                vector109
                0x0000000080105721                vector110
                0x000000008010572a                vector111
                0x0000000080105733                vector112
                0x000000008010573c                vector113
                0x0000000080105745                vector114
                0x000000008010574e                vector115
                0x0000000080105757                vector116
                0x0000000080105760                vector117
                0x0000000080105769                vector118
                0x0000000080105772                vector119
                0x000000008010577b                vector120
                0x0000000080105784                vector121
                0x000000008010578d                vector122
                0x0000000080105796                vector123
                0x000000008010579f                vector124
                0x00000000801057a8                vector125
                0x00000000801057b1                vector126
                0x00000000801057ba                vector127
                0x00000000801057c3                vector128
                0x00000000801057cf                vector129
                0x00000000801057db                vector130
                0x00000000801057e7                vector131
                0x00000000801057f3                vector132
                0x00000000801057ff                vector133
                0x000000008010580b                vector134
                0x0000000080105817                vector135
                0x0000000080105823                vector136
                0x000000008010582f                vector137
                0x000000008010583b                vector138
                0x0000000080105847                vector139
                0x0000000080105853                vector140
                0x000000008010585f                vector141
                0x000000008010586b                vector142
                0x0000000080105877                vector143
                0x0000000080105883                vector144
                0x000000008010588f                vector145
                0x000000008010589b                vector146
                0x00000000801058a7                vector147
                0x00000000801058b3                vector148
                0x00000000801058bf                vector149
                0x00000000801058cb                vector150
                0x00000000801058d7                vector151
                0x00000000801058e3                vector152
                0x00000000801058ef                vector153
                0x00000000801058fb                vector154
                0x0000000080105907                vector155
                0x0000000080105913                vector156
                0x000000008010591f                vector157
                0x000000008010592b                vector158
                0x0000000080105937                vector159
                0x0000000080105943                vector160
                0x000000008010594f                vector161
                0x000000008010595b                vector162
                0x0000000080105967                vector163
                0x0000000080105973                vector164
                0x000000008010597f                vector165
                0x000000008010598b                vector166
                0x0000000080105997                vector167
                0x00000000801059a3                vector168
                0x00000000801059af                vector169
                0x00000000801059bb                vector170
                0x00000000801059c7                vector171
                0x00000000801059d3                vector172
                0x00000000801059df                vector173
                0x00000000801059eb                vector174
                0x00000000801059f7                vector175
                0x0000000080105a03                vector176
                0x0000000080105a0f                vector177
                0x0000000080105a1b                vector178
                0x0000000080105a27                vector179
                0x0000000080105a33                vector180
                0x0000000080105a3f                vector181
                0x0000000080105a4b                vector182
                0x0000000080105a57                vector183
                0x0000000080105a63                vector184
                0x0000000080105a6f                vector185
                0x0000000080105a7b                vector186
                0x0000000080105a87                vector187
                0x0000000080105a93                vector188
                0x0000000080105a9f                vector189
                0x0000000080105aab                vector190
                0x0000000080105ab7                vector191
                0x0000000080105ac3                vector192
                0x0000000080105acf                vector193
                0x0000000080105adb                vector194
                0x0000000080105ae7                vector195
                0x0000000080105af3                vector196
                0x0000000080105aff                vector197
                0x0000000080105b0b                vector198
                0x0000000080105b17                vector199
                0x0000000080105b23                vector200
                0x0000000080105b2f                vector201
                0x0000000080105b3b                vector202
                0x0000000080105b47                vector203
                0x0000000080105b53                vector204
                0x0000000080105b5f                vector205
                0x0000000080105b6b                vector206
                0x0000000080105b77                vector207
                0x0000000080105b83                vector208
                0x0000000080105b8f                vector209
                0x0000000080105b9b                vector210
                0x0000000080105ba7                vector211
                0x0000000080105bb3                vector212
                0x0000000080105bbf                vector213
                0x0000000080105bcb                vector214
                0x0000000080105bd7                vector215
                0x0000000080105be3                vector216
                0x0000000080105bef                vector217
                0x0000000080105bfb                vector218
                0x0000000080105c07                vector219
                0x0000000080105c13                vector220
                0x0000000080105c1f                vector221
                0x0000000080105c2b                vector222
                0x0000000080105c37                vector223
                0x0000000080105c43                vector224
                0x0000000080105c4f                vector225
                0x0000000080105c5b                vector226
                0x0000000080105c67                vector227
                0x0000000080105c73                vector228
                0x0000000080105c7f                vector229
                0x0000000080105c8b                vector230
                0x0000000080105c97                vector231
                0x0000000080105ca3                vector232
                0x0000000080105caf                vector233
                0x0000000080105cbb                vector234
                0x0000000080105cc7                vector235
                0x0000000080105cd3                vector236
                0x0000000080105cdf                vector237
                0x0000000080105ceb                vector238
                0x0000000080105cf7                vector239
                0x0000000080105d03                vector240
                0x0000000080105d0f                vector241
                0x0000000080105d1b                vector242
                0x0000000080105d27                vector243
                0x0000000080105d33                vector244
                0x0000000080105d3f                vector245
                0x0000000080105d4b                vector246
                0x0000000080105d57                vector247
                0x0000000080105d63                vector248
                0x0000000080105d6f                vector249
                0x0000000080105d7b                vector250
                0x0000000080105d87                vector251
                0x0000000080105d93                vector252
                0x0000000080105d9f                vector253
                0x0000000080105dab                vector254
                0x0000000080105db7                vector255
 *fill*         0x0000000080105dc3        0x1 
 .text          0x0000000080105dc4      0x92d vm.o
                0x0000000080105f5c                seginit
                0x0000000080105fe0                switchkvm
                0x0000000080105ff0                switchuvm
                0x00000000801060ec                inituvm
                0x0000000080106160                loaduvm
                0x000000008010621c                allocuvm
                0x0000000080106344                deallocuvm
                0x0000000080106360                freevm
                0x00000000801063d0                setupkvm
                0x0000000080106444                kvmalloc
                0x0000000080106460                clearpteu
                0x000000008010648c                copyuvm
                0x0000000080106578                uva2ka
                0x00000000801065a8                copyout
                0x000000008010662c                readonly
                0x0000000080106690                writeable
                [!provide]                        PROVIDE (etext = .)

.iplt           0x00000000801066f1        0x0 load address 0x00000000001066f1
 .iplt          0x00000000801066f1        0x0 entry.o

.rodata         0x0000000080106700      0x9d3 load address 0x0000000000106700
 *(.rodata .rodata.* .gnu.linkonce.r.*)
 .rodata.str1.1
                0x0000000080106700       0x2d bio.o
 .rodata.str1.1
                0x000000008010672d       0x43 console.o
                                         0x45 (size before relaxing)
 .rodata        0x0000000080106770       0x11 console.o
 .rodata.str1.1
                0x0000000080106781        0xc exec.o
 .rodata.str1.1
                0x000000008010678d       0x32 file.o
                                         0x3c (size before relaxing)
 .rodata.str1.1
                0x00000000801067bf       0xb6 fs.o
                                         0xbe (size before relaxing)
 *fill*         0x0000000080106875        0x3 
 .rodata.str1.4
                0x0000000080106878       0x53 fs.o
 .rodata.str1.1
                0x00000000801068cb       0x68 ide.o
 *fill*         0x0000000080106933        0x1 
 .rodata.str1.4
                0x0000000080106934       0x32 ioapic.o
 .rodata.str1.1
                0x0000000080106966        0xb kalloc.o
 *fill*         0x0000000080106971        0xf 
 .rodata        0x0000000080106980      0x220 kbd.o
 .rodata.str1.1
                0x0000000080106ba0       0x44 log.o
 .rodata.str1.1
                0x0000000080106be4       0x14 main.o
 .rodata.str1.1
                0x0000000080106bf8       0x22 mp.o
 *fill*         0x0000000080106c1a        0x2 
 .rodata.str1.4
                0x0000000080106c1c       0x1f mp.o
 .rodata.str1.1
                0x0000000080106c3b        0x5 pipe.o
 .rodata.str1.1
                0x0000000080106c40       0xe2 proc.o
                                         0xe8 (size before relaxing)
 *fill*         0x0000000080106d22        0x2 
 .rodata.str1.4
                0x0000000080106d24       0x26 proc.o
 *fill*         0x0000000080106d4a        0x2 
 .rodata        0x0000000080106d4c       0x18 proc.o
 .rodata.str1.1
                0x0000000080106d64        0xb sleeplock.o
 .rodata.str1.1
                0x0000000080106d6f       0x2e spinlock.o
 .rodata.str1.1
                0x0000000080106d9d       0x1c syscall.o
 *fill*         0x0000000080106db9        0x7 
 .rodata        0x0000000080106dc0       0x60 syscall.o
 .rodata.str1.1
                0x0000000080106e20       0x61 sysfile.o
                                         0x63 (size before relaxing)
 .rodata.str1.1
                0x0000000080106e81        0xa trap.o
 *fill*         0x0000000080106e8b        0x1 
 .rodata.str1.4
                0x0000000080106e8c       0x9b trap.o
 *fill*         0x0000000080106f27        0x1 
 .rodata        0x0000000080106f28       0x80 trap.o
 .rodata.str1.1
                0x0000000080106fa8        0x8 uart.o
 .rodata.str1.1
                0x0000000080106fb0      0x100 vm.o
                                        0x106 (size before relaxing)
 .rodata.str1.4
                0x00000000801070b0       0x23 vm.o

.rel.dyn        0x00000000801070d4        0x0 load address 0x00000000001070d4
 .rel.got       0x00000000801070d4        0x0 entry.o
 .rel.iplt      0x00000000801070d4        0x0 entry.o
 .rel.text      0x00000000801070d4        0x0 entry.o
 .rel.text.startup
                0x00000000801070d4        0x0 entry.o
 .rel.data      0x00000000801070d4        0x0 entry.o

.stab           0x00000000801070d3        0x0
                [!provide]                        PROVIDE (__STAB_BEGIN__ = .)
 *(.stab)
                [!provide]                        PROVIDE (__STAB_END__ = .)

.stabstr        0x00000000801070d3        0x0
                [!provide]                        PROVIDE (__STABSTR_BEGIN__ = .)
 *(.stabstr)
                [!provide]                        PROVIDE (__STABSTR_END__ = .)
                0x0000000080108000                . = ALIGN (0x1000)
                0x0000000080108000                PROVIDE (data = .)

.data           0x0000000080108000     0x251a load address 0x0000000000108000
 *(.data)
 .data          0x0000000080108000        0x0 entry.o
 .data          0x0000000080108000        0x0 bio.o
 .data          0x0000000080108000        0x0 console.o
 .data          0x0000000080108000        0x0 exec.o
 .data          0x0000000080108000        0x0 file.o
 .data          0x0000000080108000        0x0 fs.o
 .data          0x0000000080108000        0x0 ide.o
 .data          0x0000000080108000        0x0 ioapic.o
 .data          0x0000000080108000        0x0 kalloc.o
 .data          0x0000000080108000      0x300 kbd.o
 .data          0x0000000080108300        0x0 lapic.o
 .data          0x0000000080108300        0x0 log.o
 *fill*         0x0000000080108300      0xd00 
 .data          0x0000000080109000     0x1000 main.o
                0x0000000080109000                entrypgdir
 .data          0x000000008010a000        0x0 mp.o
 .data          0x000000008010a000        0x0 picirq.o
 .data          0x000000008010a000        0x0 pipe.o
 .data          0x000000008010a000        0x8 proc.o
                0x000000008010a004                nextpid
 .data          0x000000008010a008        0x0 sleeplock.o
 .data          0x000000008010a008        0x0 spinlock.o
 .data          0x000000008010a008        0x0 string.o
 .data          0x000000008010a008        0x0 swtch.o
 .data          0x000000008010a008        0x0 syscall.o
 .data          0x000000008010a008        0x0 sysfile.o
 .data          0x000000008010a008        0x0 sysproc.o
 .data          0x000000008010a008        0x0 trapasm.o
 .data          0x000000008010a008        0x0 trap.o
 .data          0x000000008010a008        0x0 uart.o
 .data          0x000000008010a008      0x400 vectors.o
                0x000000008010a008                vectors
 *fill*         0x000000008010a408       0x18 
 .data          0x000000008010a420       0x40 vm.o
 .data          0x000000008010a460       0x30 initcode
                0x000000008010a460                _binary_initcode_start
                0x000000008010a490                _binary_initcode_end
 .data          0x000000008010a490       0x8a entryother
                0x000000008010a490                _binary_entryother_start
                0x000000008010a51a                _binary_entryother_end
                [!provide]                        PROVIDE (edata = .)

.got            0x000000008010a51c        0x0 load address 0x000000000010a51c
 .got           0x000000008010a51c        0x0 entry.o

.got.plt        0x000000008010a51c        0x0 load address 0x000000000010a51c
 .got.plt       0x000000008010a51c        0x0 entry.o

.igot.plt       0x000000008010a51c        0x0 load address 0x000000000010a51c
 .igot.plt      0x000000008010a51c        0x0 entry.o

.bss            0x000000008010a520     0xb088 load address 0x000000000010a520
 *(.bss)
 .bss           0x000000008010a520        0x0 entry.o
 .bss           0x000000008010a520        0x0 bio.o
 .bss           0x000000008010a520       0x3c console.o
 .bss           0x000000008010a55c        0x0 exec.o
 .bss           0x000000008010a55c        0x0 file.o
 .bss           0x000000008010a55c        0x0 fs.o
 *fill*         0x000000008010a55c        0x4 
 .bss           0x000000008010a560       0x54 ide.o
 .bss           0x000000008010a5b4        0x0 ioapic.o
 .bss           0x000000008010a5b4        0x0 kalloc.o
 .bss           0x000000008010a5b4        0x4 kbd.o
 .bss           0x000000008010a5b8        0x0 lapic.o
 .bss           0x000000008010a5b8        0x0 log.o
 .bss           0x000000008010a5b8        0x0 main.o
 .bss           0x000000008010a5b8        0x0 mp.o
 .bss           0x000000008010a5b8        0x0 picirq.o
 .bss           0x000000008010a5b8        0x0 pipe.o
 .bss           0x000000008010a5b8        0x4 proc.o
 .bss           0x000000008010a5bc        0x0 sleeplock.o
 .bss           0x000000008010a5bc        0x0 spinlock.o
 .bss           0x000000008010a5bc        0x0 string.o
 .bss           0x000000008010a5bc        0x0 swtch.o
 .bss           0x000000008010a5bc        0x0 syscall.o
 .bss           0x000000008010a5bc        0x0 sysfile.o
 .bss           0x000000008010a5bc        0x0 sysproc.o
 .bss           0x000000008010a5bc        0x0 trapasm.o
 .bss           0x000000008010a5bc        0x0 trap.o
 .bss           0x000000008010a5bc        0x4 uart.o
 .bss           0x000000008010a5c0        0x0 vectors.o
 .bss           0x000000008010a5c0        0x0 vm.o
 COMMON         0x000000008010a5c0     0x1000 entry.o
                0x000000008010a5c0                stack
 COMMON         0x000000008010b5c0     0x4958 bio.o
                0x000000008010b5c0                bcache
 *fill*         0x000000008010ff18        0x8 
 COMMON         0x000000008010ff20       0x8c console.o
                0x000000008010ff20                input
 *fill*         0x000000008010ffac       0x14 
 COMMON         0x000000008010ffc0      0x9f0 file.o
                0x000000008010ffc0                ftable
                0x0000000080110960                devsw
 *fill*         0x00000000801109b0       0x10 
 COMMON         0x00000000801109c0     0x1c74 fs.o
                0x00000000801109c0                sb
                0x00000000801109e0                icache
 COMMON         0x0000000080112634        0x4 ioapic.o
                0x0000000080112634                ioapic
 *fill*         0x0000000080112638        0x8 
 COMMON         0x0000000080112640       0x3c kalloc.o
                0x0000000080112640                kmem
 COMMON         0x000000008011267c        0x4 lapic.o
                0x000000008011267c                lapic
 COMMON         0x0000000080112680       0xc4 log.o
                0x0000000080112680                log
 *fill*         0x0000000080112744       0x1c 
 COMMON         0x0000000080112760      0x5a4 mp.o
                0x0000000080112760                ioapicid
                0x0000000080112780                cpus
                0x0000000080112d00                ncpu
 *fill*         0x0000000080112d04       0x1c 
 COMMON         0x0000000080112d20     0x2034 proc.o
                0x0000000080112d20                ptable
 *fill*         0x0000000080114d54        0xc 
 COMMON         0x0000000080114d60      0x844 trap.o
                0x0000000080114d60                tickslock
                0x0000000080114da0                idt
                0x00000000801155a0                ticks
 COMMON         0x00000000801155a4        0x4 vm.o
                0x00000000801155a4                kpgdir
                0x00000000801155a8                PROVIDE (end = .)

/DISCARD/
 *(.eh_frame .note.GNU-stack)
LOAD entry.o
LOAD bio.o
LOAD console.o
LOAD exec.o
LOAD file.o
LOAD fs.o
LOAD ide.o
LOAD ioapic.o
LOAD kalloc.o
LOAD kbd.o
LOAD lapic.o
LOAD log.o
LOAD main.o
LOAD mp.o
LOAD picirq.o
LOAD pipe.o
LOAD proc.o
LOAD sleeplock.o
LOAD spinlock.o
LOAD string.o
LOAD swtch.o
LOAD syscall.o
LOAD sysfile.o
LOAD sysproc.o
LOAD trapasm.o
LOAD trap.o
LOAD uart.o
LOAD vectors.o
LOAD vm.o
TARGET(binary)
LOAD initcode
LOAD entryother
OUTPUT(kernel elf32-i386)

.debug_line     0x0000000000000000     0x6508
 .debug_line    0x0000000000000000       0x41 entry.o
 .debug_line    0x0000000000000041      0x262 bio.o
 .debug_line    0x00000000000002a3      0x88f console.o
 .debug_line    0x0000000000000b32      0x2bc exec.o
 .debug_line    0x0000000000000dee      0x28a file.o
 .debug_line    0x0000000000001078      0xac8 fs.o
 .debug_line    0x0000000000001b40      0x3f5 ide.o
 .debug_line    0x0000000000001f35      0x1ad ioapic.o
 .debug_line    0x00000000000020e2      0x1e9 kalloc.o
 .debug_line    0x00000000000022cb      0x194 kbd.o
 .debug_line    0x000000000000245f      0x7c3 lapic.o
 .debug_line    0x0000000000002c22      0x3ac log.o
 .debug_line    0x0000000000002fce      0x13c main.o
 .debug_line    0x000000000000310a      0x2b2 mp.o
 .debug_line    0x00000000000033bc       0x72 picirq.o
 .debug_line    0x000000000000342e      0x32d pipe.o
 .debug_line    0x000000000000375b      0x9cb proc.o
 .debug_line    0x0000000000004126      0x138 sleeplock.o
 .debug_line    0x000000000000425e      0x327 spinlock.o
 .debug_line    0x0000000000004585      0x2a2 string.o
 .debug_line    0x0000000000004827       0x43 swtch.o
 .debug_line    0x000000000000486a      0x233 syscall.o
 .debug_line    0x0000000000004a9d      0x86c sysfile.o
 .debug_line    0x0000000000005309      0x154 sysproc.o
 .debug_line    0x000000000000545d       0x48 trapasm.o
 .debug_line    0x00000000000054a5      0x298 trap.o
 .debug_line    0x000000000000573d      0x261 uart.o
 .debug_line    0x000000000000599e      0x32f vectors.o
 .debug_line    0x0000000000005ccd      0x83b vm.o

.debug_info     0x0000000000000000    0x125be
 .debug_info    0x0000000000000000       0x26 entry.o
 .debug_info    0x0000000000000026      0x47a bio.o
 .debug_info    0x00000000000004a0     0x149b console.o
 .debug_info    0x000000000000193b      0xba6 exec.o
 .debug_info    0x00000000000024e1      0x717 file.o
 .debug_info    0x0000000000002bf8     0x1bd2 fs.o
 .debug_info    0x00000000000047ca      0xf24 ide.o
 .debug_info    0x00000000000056ee      0x303 ioapic.o
 .debug_info    0x00000000000059f1      0x3d6 kalloc.o
 .debug_info    0x0000000000005dc7      0x26b kbd.o
 .debug_info    0x0000000000006032      0xf15 lapic.o
 .debug_info    0x0000000000006f47      0x784 log.o
 .debug_info    0x00000000000076cb      0xb0b main.o
 .debug_info    0x00000000000081d6      0xda8 mp.o
 .debug_info    0x0000000000008f7e       0xf0 picirq.o
 .debug_info    0x000000000000906e      0xb16 pipe.o
 .debug_info    0x0000000000009b84     0x1533 proc.o
 .debug_info    0x000000000000b0b7      0x931 sleeplock.o
 .debug_info    0x000000000000b9e8      0xb54 spinlock.o
 .debug_info    0x000000000000c53c      0x45b string.o
 .debug_info    0x000000000000c997       0x26 swtch.o
 .debug_info    0x000000000000c9bd      0x9bb syscall.o
 .debug_info    0x000000000000d378     0x17a1 sysfile.o
 .debug_info    0x000000000000eb19      0x977 sysproc.o
 .debug_info    0x000000000000f490       0x26 trapasm.o
 .debug_info    0x000000000000f4b6      0xbe7 trap.o
 .debug_info    0x000000000001009d      0xdd7 uart.o
 .debug_info    0x0000000000010e74       0x26 vectors.o
 .debug_info    0x0000000000010e9a     0x1724 vm.o

.debug_abbrev   0x0000000000000000     0x3f68
 .debug_abbrev  0x0000000000000000       0x14 entry.o
 .debug_abbrev  0x0000000000000014      0x21e bio.o
 .debug_abbrev  0x0000000000000232      0x471 console.o
 .debug_abbrev  0x00000000000006a3      0x1b2 exec.o
 .debug_abbrev  0x0000000000000855      0x1e6 file.o
 .debug_abbrev  0x0000000000000a3b      0x56e fs.o
 .debug_abbrev  0x0000000000000fa9      0x2d5 ide.o
 .debug_abbrev  0x000000000000127e      0x1bf ioapic.o
 .debug_abbrev  0x000000000000143d      0x22f kalloc.o
 .debug_abbrev  0x000000000000166c      0x181 kbd.o
 .debug_abbrev  0x00000000000017ed      0x27b lapic.o
 .debug_abbrev  0x0000000000001a68      0x25f log.o
 .debug_abbrev  0x0000000000001cc7      0x24a main.o
 .debug_abbrev  0x0000000000001f11      0x2bc mp.o
 .debug_abbrev  0x00000000000021cd       0xa4 picirq.o
 .debug_abbrev  0x0000000000002271      0x222 pipe.o
 .debug_abbrev  0x0000000000002493      0x455 proc.o
 .debug_abbrev  0x00000000000028e8      0x1be sleeplock.o
 .debug_abbrev  0x0000000000002aa6      0x2da spinlock.o
 .debug_abbrev  0x0000000000002d80      0x140 string.o
 .debug_abbrev  0x0000000000002ec0       0x14 swtch.o
 .debug_abbrev  0x0000000000002ed4      0x1fd syscall.o
 .debug_abbrev  0x00000000000030d1      0x344 sysfile.o
 .debug_abbrev  0x0000000000003415      0x17d sysproc.o
 .debug_abbrev  0x0000000000003592       0x14 trapasm.o
 .debug_abbrev  0x00000000000035a6      0x246 trap.o
 .debug_abbrev  0x00000000000037ec      0x2c2 uart.o
 .debug_abbrev  0x0000000000003aae       0x14 vectors.o
 .debug_abbrev  0x0000000000003ac2      0x4a6 vm.o

.debug_aranges  0x0000000000000000      0x3a8
 .debug_aranges
                0x0000000000000000       0x20 entry.o
 .debug_aranges
                0x0000000000000020       0x20 bio.o
 .debug_aranges
                0x0000000000000040       0x20 console.o
 .debug_aranges
                0x0000000000000060       0x20 exec.o
 .debug_aranges
                0x0000000000000080       0x20 file.o
 .debug_aranges
                0x00000000000000a0       0x20 fs.o
 .debug_aranges
                0x00000000000000c0       0x20 ide.o
 .debug_aranges
                0x00000000000000e0       0x20 ioapic.o
 .debug_aranges
                0x0000000000000100       0x20 kalloc.o
 .debug_aranges
                0x0000000000000120       0x20 kbd.o
 .debug_aranges
                0x0000000000000140       0x20 lapic.o
 .debug_aranges
                0x0000000000000160       0x20 log.o
 .debug_aranges
                0x0000000000000180       0x28 main.o
 .debug_aranges
                0x00000000000001a8       0x20 mp.o
 .debug_aranges
                0x00000000000001c8       0x20 picirq.o
 .debug_aranges
                0x00000000000001e8       0x20 pipe.o
 .debug_aranges
                0x0000000000000208       0x20 proc.o
 .debug_aranges
                0x0000000000000228       0x20 sleeplock.o
 .debug_aranges
                0x0000000000000248       0x20 spinlock.o
 .debug_aranges
                0x0000000000000268       0x20 string.o
 .debug_aranges
                0x0000000000000288       0x20 swtch.o
 .debug_aranges
                0x00000000000002a8       0x20 syscall.o
 .debug_aranges
                0x00000000000002c8       0x20 sysfile.o
 .debug_aranges
                0x00000000000002e8       0x20 sysproc.o
 .debug_aranges
                0x0000000000000308       0x20 trapasm.o
 .debug_aranges
                0x0000000000000328       0x20 trap.o
 .debug_aranges
                0x0000000000000348       0x20 uart.o
 .debug_aranges
                0x0000000000000368       0x20 vectors.o
 .debug_aranges
                0x0000000000000388       0x20 vm.o

.debug_str      0x0000000000000000      0xec4
 .debug_str     0x0000000000000000       0x44 entry.o
 .debug_str     0x0000000000000044      0x1ad bio.o
                                        0x214 (size before relaxing)
 .debug_str     0x00000000000001f1      0x2b3 console.o
                                        0x4a7 (size before relaxing)
 .debug_str     0x00000000000004a4      0x121 exec.o
                                        0x434 (size before relaxing)
 .debug_str     0x00000000000005c5       0x77 file.o
                                        0x2a3 (size before relaxing)
 .debug_str     0x000000000000063c       0xf1 fs.o
                                        0x548 (size before relaxing)
 .debug_str     0x000000000000072d       0x81 ide.o
                                        0x40b (size before relaxing)
 .debug_str     0x00000000000007ae       0x3a ioapic.o
                                        0x190 (size before relaxing)
 .debug_str     0x00000000000007e8       0x51 kalloc.o
                                        0x1c7 (size before relaxing)
 .debug_str     0x0000000000000839       0x54 kbd.o
                                        0x1a6 (size before relaxing)
 .debug_str     0x000000000000088d       0x8b lapic.o
                                        0x1e0 (size before relaxing)
 .debug_str     0x0000000000000918       0x8b log.o
                                        0x2d3 (size before relaxing)
 .debug_str     0x00000000000009a3       0xc0 main.o
                                        0x439 (size before relaxing)
 .debug_str     0x0000000000000a63       0xa8 mp.o
                                        0x3e5 (size before relaxing)
 .debug_str     0x0000000000000b0b        0x9 picirq.o
                                        0x118 (size before relaxing)
 .debug_str     0x0000000000000b14       0x31 pipe.o
                                        0x408 (size before relaxing)
 .debug_str     0x0000000000000b45       0xd3 proc.o
                                        0x4e7 (size before relaxing)
 .debug_str     0x0000000000000c18        0xc sleeplock.o
                                        0x364 (size before relaxing)
 .debug_str     0x0000000000000c24        0xb spinlock.o
                                        0x368 (size before relaxing)
 .debug_str     0x0000000000000c2f       0x1c string.o
                                        0x159 (size before relaxing)
 .debug_str     0x0000000000000c4b        0x8 swtch.o
                                         0x44 (size before relaxing)
 .debug_str     0x0000000000000c53       0x42 syscall.o
                                        0x348 (size before relaxing)
 .debug_str     0x0000000000000c95       0xe6 sysfile.o
                                        0x563 (size before relaxing)
 .debug_str     0x0000000000000d7b       0x65 sysproc.o
                                        0x390 (size before relaxing)
 .debug_str     0x0000000000000de0        0xa trapasm.o
                                         0x46 (size before relaxing)
 .debug_str     0x0000000000000dea       0x48 trap.o
                                        0x3af (size before relaxing)
 .debug_str     0x0000000000000e32       0x15 uart.o
                                        0x3d1 (size before relaxing)
 .debug_str     0x0000000000000e47        0xa vectors.o
                                         0x46 (size before relaxing)
 .debug_str     0x0000000000000e51       0x73 vm.o
                                        0x455 (size before relaxing)

.debug_loc      0x0000000000000000     0x6b70
 .debug_loc     0x0000000000000000      0x138 bio.o
 .debug_loc     0x0000000000000138      0xc2c console.o
 .debug_loc     0x0000000000000d64      0x362 exec.o
 .debug_loc     0x00000000000010c6      0x31e file.o
 .debug_loc     0x00000000000013e4      0xf9d fs.o
 .debug_loc     0x0000000000002381      0x4f6 ide.o
 .debug_loc     0x0000000000002877      0x180 ioapic.o
 .debug_loc     0x00000000000029f7      0x26a kalloc.o
 .debug_loc     0x0000000000002c61      0x101 kbd.o
 .debug_loc     0x0000000000002d62      0xadd lapic.o
 .debug_loc     0x000000000000383f      0x21f log.o
 .debug_loc     0x0000000000003a5e       0x78 main.o
 .debug_loc     0x0000000000003ad6      0x4c3 mp.o
 .debug_loc     0x0000000000003f99       0x5c picirq.o
 .debug_loc     0x0000000000003ff5       0xf3 pipe.o
 .debug_loc     0x00000000000040e8      0x756 proc.o
 .debug_loc     0x000000000000483e       0x4f sleeplock.o
 .debug_loc     0x000000000000488d      0x1e6 spinlock.o
 .debug_loc     0x0000000000004a73      0x63c string.o
 .debug_loc     0x00000000000050af      0x145 syscall.o
 .debug_loc     0x00000000000051f4      0x794 sysfile.o
 .debug_loc     0x0000000000005988       0x68 sysproc.o
 .debug_loc     0x00000000000059f0       0x7f trap.o
 .debug_loc     0x0000000000005a6f      0x337 uart.o
 .debug_loc     0x0000000000005da6      0xdca vm.o

.debug_ranges   0x0000000000000000      0x788
 .debug_ranges  0x0000000000000000       0x18 bio.o
 .debug_ranges  0x0000000000000018       0xb8 console.o
 .debug_ranges  0x00000000000000d0       0x30 file.o
 .debug_ranges  0x0000000000000100       0xa0 fs.o
 .debug_ranges  0x00000000000001a0       0xd8 ide.o
 .debug_ranges  0x0000000000000278       0x18 ioapic.o
 .debug_ranges  0x0000000000000290      0x2b8 lapic.o
 .debug_ranges  0x0000000000000548       0x18 log.o
 .debug_ranges  0x0000000000000560       0x18 main.o
 .debug_ranges  0x0000000000000578       0x48 mp.o
 .debug_ranges  0x00000000000005c0       0x48 proc.o
 .debug_ranges  0x0000000000000608       0x30 spinlock.o
 .debug_ranges  0x0000000000000638       0x18 string.o
 .debug_ranges  0x0000000000000650       0x78 sysfile.o
 .debug_ranges  0x00000000000006c8       0x18 uart.o
 .debug_ranges  0x00000000000006e0       0xa8 vm.o

.comment        0x0000000000000000       0x11
 .comment       0x0000000000000000       0x11 bio.o
                                         0x12 (size before relaxing)
 .comment       0x0000000000000011       0x12 console.o
 .comment       0x0000000000000011       0x12 exec.o
 .comment       0x0000000000000011       0x12 file.o
 .comment       0x0000000000000011       0x12 fs.o
 .comment       0x0000000000000011       0x12 ide.o
 .comment       0x0000000000000011       0x12 ioapic.o
 .comment       0x0000000000000011       0x12 kalloc.o
 .comment       0x0000000000000011       0x12 kbd.o
 .comment       0x0000000000000011       0x12 lapic.o
 .comment       0x0000000000000011       0x12 log.o
 .comment       0x0000000000000011       0x12 main.o
 .comment       0x0000000000000011       0x12 mp.o
 .comment       0x0000000000000011       0x12 picirq.o
 .comment       0x0000000000000011       0x12 pipe.o
 .comment       0x0000000000000011       0x12 proc.o
 .comment       0x0000000000000011       0x12 sleeplock.o
 .comment       0x0000000000000011       0x12 spinlock.o
 .comment       0x0000000000000011       0x12 string.o
 .comment       0x0000000000000011       0x12 syscall.o
 .comment       0x0000000000000011       0x12 sysfile.o
 .comment       0x0000000000000011       0x12 sysproc.o
 .comment       0x0000000000000011       0x12 trap.o
 .comment       0x0000000000000011       0x12 uart.o
 .comment       0x0000000000000011       0x12 vm.o
